This is your receipt from 2019-09-17

                                     EUR
Schwarzbrot                         4,98

Total:                              4,98
