             BEST SHOPPING

Your purchase from 2019-09-17
----------------------------------------
                                     EUR
Apfel                               0,66
Schwarzbrot                         2,49
Milch                               2,02
----------------------------------------
Total :                             5,17
